iwmap 4
"000_Global" flags  active
"The Map" flags 
// entity 0
{
"classname" "worldspawn"
// brush 0
{
 ( 46 29 6 ) ( -18 29 6 ) ( -18 -29 6 ) clip_nosight_nothing 64 64 0 0 0 0 lightmap_gray 16384 16384 0 0 0 0
 ( -31 -29 44 ) ( -31 29 44 ) ( 33 29 44 ) clip_nosight_nothing 64 64 0 0 0 0 lightmap_gray 16384 16384 0 0 0 0
 ( -33 -29 56 ) ( 31 -29 56 ) ( 31 -29 44 ) clip_nosight_nothing 64 64 0 -2 0 0 lightmap_gray 16384 16384 0 -8 0 0
 ( 31 -29 56 ) ( 31 29 56 ) ( 31 29 44 ) clip_nosight_nothing 64 64 0 -2 0 0 lightmap_gray 16384 16384 0 -8 0 0
 ( 31 29 56 ) ( -33 29 56 ) ( -33 29 44 ) clip_nosight_nothing 64 64 0 -2 0 0 lightmap_gray 16384 16384 0 -8 0 0
 ( -33 29 56 ) ( -33 -29 56 ) ( -33 -29 44 ) clip_nosight_nothing 64 64 0 -2 0 0 lightmap_gray 16384 16384 0 -8 0 0
}
}
// entity 1
{
"origin" "22.0 -23.0 8.0"
"angles" "0 270 0"
"model" "me_stone_block01"
"classname" "misc_model"
}
// entity 2
{
"origin" "-16.0 20.0 8.0"
"angles" "0 2.50448e-006 0"
"model" "me_stone_block01"
"classname" "misc_model"
}
// entity 3
{
"origin" "26.0 -8.0 8.0"
"angles" "0 180 0"
"model" "me_stone_block01"
"classname" "misc_model"
}
// entity 4
{
"origin" "26.0 10.0 8.0"
"angles" "0 2.50448e-006 0"
"model" "me_stone_block01"
"classname" "misc_model"
}
// entity 5
{
"origin" "8.0 20.0 8.0"
"angles" "0 180 0"
"model" "me_stone_block01"
"classname" "misc_model"
}
// entity 6
{
"origin" "-4.0 21.0 8.0"
"angles" "0 180 0"
"model" "me_stone_block01"
"classname" "misc_model"
}
// entity 7
{
"origin" "-23.0 5.0 8.0"
"angles" "0 270 0"
"model" "me_stone_block01"
"classname" "misc_model"
}
// entity 8
{
"origin" "-23.0 -7.0 8.0"
"angles" "0 270 0"
"model" "me_stone_block01"
"classname" "misc_model"
}
// entity 9
{
"origin" "-23.0 -22.0 8.0"
"angles" "0 180 0"
"model" "me_stone_block01"
"classname" "misc_model"
}
// entity 10
{
"origin" "-8.0 -23.0 8.0"
"angles" "0 90 0"
"model" "me_stone_block01"
"classname" "misc_model"
}
// entity 11
{
"origin" "7.0 -21.0 8.0"
"angles" "0 2.50448e-006 0"
"model" "me_stone_block01"
"classname" "misc_model"
}
// entity 12
{
"classname" "misc_model"
"model" "me_stone_block01"
"angles" "0 360 180"
"origin" "-28.0 20.0 20.0"
}
// entity 13
{
"classname" "misc_model"
"model" "me_stone_block01"
"angles" "360 270 -180"
"origin" "23.0 25.0 20.0"
}
// entity 14
{
"origin" "-23.0 -24.0 32.0"
"angles" "2.18948e-013 270 180"
"model" "me_stone_block01"
"classname" "misc_model"
}
// entity 15
{
"origin" "15.0 19.0 32.0"
"angles" "360 180 -180"
"model" "me_stone_block01"
"classname" "misc_model"
}
// entity 16
{
"origin" "-27.0 -9.0 32.0"
"angles" "0 360 180"
"model" "me_stone_block01"
"classname" "misc_model"
}
// entity 17
{
"origin" "-27.0 9.0 32.0"
"angles" "360 180 -180"
"model" "me_stone_block01"
"classname" "misc_model"
}
// entity 18
{
"origin" "-9.0 19.0 32.0"
"angles" "0 360 180"
"model" "me_stone_block01"
"classname" "misc_model"
}
// entity 19
{
"origin" "3.0 20.0 32.0"
"angles" "0 360 180"
"model" "me_stone_block01"
"classname" "misc_model"
}
// entity 20
{
"origin" "22.0 4.0 32.0"
"angles" "2.18948e-013 270 180"
"model" "me_stone_block01"
"classname" "misc_model"
}
// entity 21
{
"origin" "22.0 -8.0 32.0"
"angles" "2.18948e-013 270 180"
"model" "me_stone_block01"
"classname" "misc_model"
}
// entity 22
{
"origin" "22.0 -23.0 32.0"
"angles" "0 360 180"
"model" "me_stone_block01"
"classname" "misc_model"
}
// entity 23
{
"origin" "7.0 -24.0 32.0"
"angles" "0 90 180"
"model" "me_stone_block01"
"classname" "misc_model"
}
// entity 24
{
"origin" "-8.0 -22.0 32.0"
"angles" "360 180 -180"
"model" "me_stone_block01"
"classname" "misc_model"
}
// entity 25
{
"classname" "misc_model"
"model" "me_stone_block01"
"angles" "360 180 -2.50448e-006"
"origin" "27.0 19.0 20.0"
}
// entity 26
{
"classname" "misc_model"
"model" "me_stone_block01"
"angles" "2.4297e-006 270 -0.000289899"
"origin" "-24.0 24.0 20.0"
}
// entity 27
{
"origin" "22.0 23.0 44.0"
"angles" "2.18948e-013 90 180"
"model" "me_stone_block01"
"classname" "misc_model"
}
// entity 28
{
"origin" "-16.0 -20.0 44.0"
"angles" "1.00179e-005 2.50448e-006 -180"
"model" "me_stone_block01"
"classname" "misc_model"
}
// entity 29
{
"origin" "26.0 8.0 44.0"
"angles" "0 180 180"
"model" "me_stone_block01"
"classname" "misc_model"
}
// entity 30
{
"origin" "26.0 -10.0 44.0"
"angles" "1.00179e-005 2.50448e-006 -180"
"model" "me_stone_block01"
"classname" "misc_model"
}
// entity 31
{
"origin" "8.0 -20.0 44.0"
"angles" "0 180 180"
"model" "me_stone_block01"
"classname" "misc_model"
}
// entity 32
{
"origin" "-4.0 -21.0 44.0"
"angles" "0 180 180"
"model" "me_stone_block01"
"classname" "misc_model"
}
// entity 33
{
"origin" "-23.0 -5.0 44.0"
"angles" "2.18948e-013 90 180"
"model" "me_stone_block01"
"classname" "misc_model"
}
// entity 34
{
"origin" "-23.0 7.0 44.0"
"angles" "2.18948e-013 90 180"
"model" "me_stone_block01"
"classname" "misc_model"
}
// entity 35
{
"origin" "-23.0 22.0 44.0"
"angles" "0 180 180"
"model" "me_stone_block01"
"classname" "misc_model"
}
// entity 36
{
"origin" "-8.0 23.0 44.0"
"angles" "0 270 180"
"model" "me_stone_block01"
"classname" "misc_model"
}
// entity 37
{
"origin" "7.0 21.0 44.0"
"angles" "1.00179e-005 2.50448e-006 -180"
"model" "me_stone_block01"
"classname" "misc_model"
}
// entity 38
{
"classname" "misc_model"
"model" "me_stone_block01"
"angles" "1.00179e-005 2.50448e-006 -2.50448e-006"
"origin" "-28.0 -20.0 32.0"
}
// entity 39
{
"classname" "misc_model"
"model" "me_stone_block01"
"angles" "1.00179e-005 270 180"
"origin" "1.0 6.0 44.0"
}
// entity 40
{
"origin" "1.0 0.0 38.0"
"angles" "90 255.964 -14.0363"
"model" "me_stone_block01"
"classname" "misc_model"
}
// entity 41
{
"origin" "1.0 0.0 0.0"
"model" "prefabs/mp_crash/misc/pallet.map"
"classname" "misc_prefab"
}
