iwmap 4
"000_Global" flags  active
"The Map" flags 
// entity 0
{
"classname" "worldspawn"
// brush 0
{
 ( 20 108 0 ) ( -20 108 0 ) ( -20 -88 0 ) clip 64 64 0 0 0 0 lightmap_gray 16384 16384 0 0 0 0
 ( -20 -88 36 ) ( -20 108 36 ) ( 20 108 36 ) clip 64 64 0 0 0 0 lightmap_gray 16384 16384 0 0 0 0
 ( -20 2 32 ) ( 20 2 32 ) ( 20 2 -4 ) clip 64 64 0 0 0 0 lightmap_gray 16384 16384 0 0 0 0
 ( 18 -88 36 ) ( 18 108 36 ) ( 18 108 0 ) clip 64 64 0 0 0 0 lightmap_gray 16384 16384 0 0 0 0
 ( 20 36 36 ) ( -20 36 36 ) ( -20 36 0 ) clip 64 64 0 0 0 0 lightmap_gray 16384 16384 0 0 0 0
 ( -18 108 36 ) ( -18 -88 36 ) ( -18 -88 0 ) clip 64 64 0 0 0 0 lightmap_gray 16384 16384 0 0 0 0
}
}
// entity 1
{
"origin" "0.0 19.0 0.0"
"model" "me_ac_big"
"classname" "misc_model"
}
// entity 2
{
"angles" "270 180 -5.00896e-006"
"origin" "0.0 -15.0 12.0"
"model" "com_airduct_s_90"
"classname" "misc_model"
}
// entity 3
{
"angles" "270 0 0"
"origin" "0.0 -15.0 -35.0"
"model" "com_airduct_square"
"classname" "misc_model"
}
// entity 4
{
"angles" "1.12003e-006 270 -90.0001"
"origin" "0.0 -15.0 -76.0"
"model" "com_airduct_s_short"
"classname" "misc_model"
}
// entity 5
{
"angles" "360 180 -8.21897e-006"
"origin" "-12.5 -14.5 -157.5"
"model" "com_airduct_square"
"classname" "misc_model"
}
// entity 6
{
"angles" "6.83245e-007 180 -4.01138e-012"
"origin" "-59.5 -14.5 -157.5"
"model" "com_airduct_s_90"
"classname" "misc_model"
}
// entity 7
{
"angles" "6.83245e-007 270 -4.06297e-012"
"origin" "34.5 -14.5 -157.5"
"model" "com_airduct_s_90"
"classname" "misc_model"
}
// entity 8
{
"angles" "360 270 -9.81271e-005"
"origin" "-15.5 -15.0 -75.5"
"model" "com_airduct_s_short"
"classname" "misc_model"
}
// entity 9
{
"angles" "90 165.964 165.964"
"origin" "-16.0 -15.5 -85.0"
"model" "com_airduct_s_tran_c"
"classname" "misc_model"
}
// entity 10
{
"angles" "270 180 -5.00896e-006"
"origin" "-16.0 -15.0 -119.5"
"model" "com_airduct_circle"
"classname" "misc_model"
}
// entity 11
{
"angles" "0 2.50448e-006 0"
"origin" "-28.0 -14.5 -75.0"
"model" "com_airduct_c_scale"
"classname" "misc_model"
}
// entity 12
{
"angles" "0 180 0"
"origin" "-31.0 -14.5 -75.0"
"model" "com_airduct_c_vent"
"classname" "misc_model"
}
// entity 13
{
"angles" "360 180 -8.21897e-006"
"origin" "37.5 -14.5 -75.5"
"model" "com_airduct_square"
"classname" "misc_model"
}
// entity 14
{
"angles" "1.12003e-006 270 -90.0001"
"origin" "75.0 -15.0 -76.0"
"model" "com_airduct_s_short"
"classname" "misc_model"
}
// entity 15
{
"angles" "0 90 0"
"origin" "-16.0 -27.5 -157.5"
"model" "com_airduct_c_scale"
"classname" "misc_model"
}
// entity 16
{
"angles" "0 270 0"
"origin" "-16.0 -30.5 -157.5"
"model" "com_airduct_c_vent"
"classname" "misc_model"
}
// entity 17
{
"angles" "360 180 -8.21897e-006"
"origin" "112.5 -14.5 -75.5"
"model" "com_airduct_square"
"classname" "misc_model"
}
// entity 18
{
"angles" "1.12003e-006 270 -90.0001"
"origin" "150.0 -15.0 -76.0"
"model" "com_airduct_s_short"
"classname" "misc_model"
}
// entity 19
{
"angles" "360 180 -8.21897e-006"
"origin" "187.5 -14.5 -75.5"
"model" "com_airduct_square"
"classname" "misc_model"
}
// entity 20
{
"angles" "1.12003e-006 270 -90.0001"
"origin" "225.0 -15.0 -76.0"
"model" "com_airduct_s_short"
"classname" "misc_model"
}
// entity 21
{
"angles" "360 180 -8.21897e-006"
"origin" "262.5 -14.5 -75.5"
"model" "com_airduct_square"
"classname" "misc_model"
}
// entity 22
{
"angles" "1.12003e-006 270 -90.0001"
"origin" "300.0 -15.0 -76.0"
"model" "com_airduct_s_short"
"classname" "misc_model"
}
// entity 23
{
"angles" "1.00179e-005 360 90"
"origin" "397.0 -14.5 -75.5"
"model" "com_airduct_c_t"
"classname" "misc_model"
}
// entity 24
{
"angles" "2.24007e-006 1.12003e-006 89.9999"
"origin" "419.0 -14.5 -75.5"
"model" "com_airduct_c_90"
"classname" "misc_model"
}
// entity 25
{
"angles" "270 0 0"
"origin" "419.0 -14.5 -119.0"
"model" "com_airduct_circle"
"classname" "misc_model"
}
// entity 26
{
"angles" "360 270 -90"
"origin" "419.0 -14.5 -163.0"
"model" "com_airduct_c_90"
"classname" "misc_model"
}
// entity 27
{
"angles" "0 270 0"
"origin" "419.0 1.0 -163.0"
"model" "com_airduct_s_tran_c"
"classname" "misc_model"
}
// entity 28
{
"angles" "360 180 -8.21897e-006"
"origin" "337.5 -14.5 -75.5"
"model" "com_airduct_square"
"classname" "misc_model"
}
// entity 29
{
"angles" "270 0 -90"
"origin" "397.0 -15.0 -66.5"
"model" "com_airduct_c_vent"
"classname" "misc_model"
}
// entity 30
{
"angles" "1.00179e-005 2.50448e-006 -180"
"origin" "384.5 -14.5 -75.5"
"model" "com_airduct_s_tran_c"
"classname" "misc_model"
}
// entity 31
{
"angles" "1.12003e-006 270 -90.0001"
"origin" "375.0 -15.0 -76.0"
"model" "com_airduct_s_short"
"classname" "misc_model"
}
