iwmap 4
"000_Global" flags  active
"The Map" flags 
// entity 0
{
"classname" "worldspawn"
}
// entity 1
{
"origin" "0.0 -88.0 6.0"
"model" "ch_stagelight01"
"classname" "misc_model"
}
// entity 2
{
"angles" "-0 180 0"
"origin" "0.0 88.0 6.0"
"model" "ch_stagelight01"
"classname" "misc_model"
}
// entity 3
{
"classname" "misc_model"
"model" "ch_stagelight01"
"origin" "-88.0 0.0 6.0"
"angles" "-0 270 0"
}
// entity 4
{
"classname" "misc_model"
"model" "ch_stagelight01_on"
"origin" "88.0 0.0 6.0"
"angles" "-0 90 0"
}
// entity 5
{
"classname" "misc_model"
"model" "me_circular_ceiling_rail_small"
"origin" "0.0 0.0 0.0"
}
// entity 6
{
"angles" "1.00179e-005 135 180"
"classname" "misc_model"
"model" "ch_stagelight01"
"origin" "-51.2 -51.2 28.0"
}
// entity 7
{
"angles" "1.00179e-005 45 -180"
"classname" "misc_model"
"model" "ch_stagelight01"
"origin" "-52.2 52.2 28.0"
}
// entity 8
{
"angles" "1.00179e-005 315 180"
"classname" "misc_model"
"model" "ch_stagelight01"
"origin" "52.2 52.2 28.0"
}
// entity 9
{
"angles" "1.00179e-005 225 -180"
"classname" "misc_model"
"model" "ch_stagelight01"
"origin" "51.2 -51.2 28.0"
}
// entity 10
{
"angles" "-0 297.8 0"
"origin" "-90.5 -47.1 0.0"
"model" "ch_stagelight01"
"classname" "misc_model"
}
// entity 11
{
"angles" "-0 331.6 0"
"origin" "-46.1 -90.6 0.0"
"model" "ch_stagelight01"
"classname" "misc_model"
}
// entity 12
{
"angles" "-0 117.8 0"
"origin" "92.5 45.1 0.0"
"model" "ch_stagelight01"
"classname" "misc_model"
}
// entity 13
{
"angles" "-0 151.6 0"
"origin" "48.1 90.6 0.0"
"model" "ch_stagelight01"
"classname" "misc_model"
}
// entity 14
{
"angles" "-0 207.8 0"
"origin" "-47.1 90.5 0.0"
"model" "ch_stagelight01"
"classname" "misc_model"
}
// entity 15
{
"angles" "-0 241.6 0"
"origin" "-90.6 46.1 0.0"
"model" "ch_stagelight01"
"classname" "misc_model"
}
// entity 16
{
"angles" "-0 27.8 0"
"origin" "47.1 -90.5 0.0"
"model" "ch_stagelight01"
"classname" "misc_model"
}
// entity 17
{
"angles" "-0 61.6 0"
"origin" "90.6 -46.1 0.0"
"model" "ch_stagelight01"
"classname" "misc_model"
}
